// Jest Snapshot v1, https://goo.gl/fbAQLP

exports[`Snapshots Default view 1`] = `
<div
  class="brz-ed--fat-icon text-center w-[60px] cursor-pointer"
  title="Test"
>
  <div
    class="brz-ed--fat-icon__wrapper relative border-2 border-solid rounded-[3px] flex items-center justify-center w-[60px] h-[60px] transition-[border-color] duration-200 ease-linear	delay-[0s] border-right-sidebar-item-border hover:border-right-sidebar-item-border--hover"
  >
    <span
      class="brz-ed--check-mark w-[16px] h-[16px] text-[16px] rounded-[50%] top-[4px] left-[8px] bg-black border-solid border-topaz brz-ed--fat-check-icon__check absolute -top-[5px] -left-[5px] border-[1px]"
    >
      <svg
        class="brz-icon-svg brz-ed-icon-svg align-[initial] !text-brand-primary opacity-0"
      >
        <use
          xlink:href="//icons.svg#nc-check-circle"
        />
      </svg>
    </span>
    <svg
      class="brz-icon-svg brz-ed-icon-svg align-[initial] text-[16px] transition-[color] duration-200 ease-linear !text-right-sidebar-item"
    >
      <use
        xlink:href="//icons.svg#nc-button"
      />
    </svg>
  </div>
  <div
    class="brz-ed--fat-icon__label transition-[color] duration-200 ease-linear text-[12px] leading-[2.4em] overflow-hidden text-ellipsis whitespace-nowrap text-right-sidebar-item"
  >
    Test
  </div>
</div>
`;
